com  This is a test file
com ## Init=2, Reps=3 
com ## With= ins dcr dmn 
com ## Max Priority= 100 (+epsilon)
com ## Seed: 23928103
ins 51.500000 1
ins 96.333333 2
ins 58.250000 3
dcr 55.250000 3
dmn
ins 5.200000 4
dcr 43.250000 3
dmn
ins 82.166667 5
dcr 61.166667 5
dmn
